// Jest Snapshot v1, https://goo.gl/fbAQLP

exports[`PageLoadingIndicator should match the snapshot 1`] = `
.emotion-0 {
  display: -webkit-box;
  display: -webkit-flex;
  display: -ms-flexbox;
  display: flex;
  -webkit-box-pack: center;
  -ms-flex-pack: center;
  -webkit-justify-content: center;
  justify-content: center;
  padding: 5rem;
}

<div
  class="emotion-0 emotion-1"
>
  <span>
    Loading
  </span>
</div>
`;
