// Jest Snapshot v1, https://goo.gl/fbAQLP

exports[`<RepoLink /> should match snapshot 1`] = `
.c0 {
  color: #41addd;
  height: 100%;
  color: black;
  display: -webkit-box;
  display: -webkit-flex;
  display: -ms-flexbox;
  display: flex;
  -webkit-align-items: center;
  -webkit-box-align: center;
  -ms-flex-align: center;
  align-items: center;
  width: 100%;
}

.c0:hover {
  color: #6cc0e5;
}

<RepoLink>
  <StyledComponent
    forwardedComponent={
      Object {
        "$$typeof": Symbol(react.forward_ref),
        "attrs": Array [],
        "componentStyle": ComponentStyle {
          "componentId": "RepoLink-pvpwpn-0",
          "isStatic": false,
          "lastClassName": "c0",
          "rules": Array [
            "color:#41addd;&:hover{color:#6cc0e5;}",
            "height:100%;color:black;display:flex;align-items:center;width:100%;",
          ],
        },
        "displayName": "RepoLink",
        "foldedComponentIds": Array [
          "Anchor-aulrtc-0",
        ],
        "render": [Function],
        "styledComponentId": "RepoLink-pvpwpn-0",
        "target": "a",
        "toString": [Function],
        "usesTheme": false,
        "warnTooManyClasses": [Function],
        "withComponent": [Function],
      }
    }
    forwardedRef={null}
  >
    <a
      className="c0"
    />
  </StyledComponent>
</RepoLink>
`;
