// Jest Snapshot v1, https://goo.gl/fbAQLP

exports[`<ListItemTitle /> should match snapshot 1`] = `
.c0 {
  font-weight: bold;
}

<ListItemTitle>
  <StyledComponent
    forwardedComponent={
      Object {
        "$$typeof": Symbol(react.forward_ref),
        "attrs": Array [],
        "componentStyle": ComponentStyle {
          "componentId": "ListItemTitle-sc-1t4skn3-0",
          "isStatic": true,
          "lastClassName": "c0",
          "rules": Array [
            "font-weight:bold;",
          ],
        },
        "displayName": "ListItemTitle",
        "foldedComponentIds": Array [],
        "render": [Function],
        "styledComponentId": "ListItemTitle-sc-1t4skn3-0",
        "target": "p",
        "toString": [Function],
        "warnTooManyClasses": [Function],
        "withComponent": [Function],
      }
    }
    forwardedRef={null}
  >
    <p
      className="c0"
    />
  </StyledComponent>
</ListItemTitle>
`;
