// Jest Snapshot v1, https://goo.gl/fbAQLP

exports[`<ListItem /> should match snapshot 1`] = `
.c0 {
  margin: 1em 0;
}

<ListItem>
  <StyledComponent
    forwardedComponent={
      Object {
        "$$typeof": Symbol(react.forward_ref),
        "attrs": Array [],
        "componentStyle": ComponentStyle {
          "componentId": "ListItem-sc-27v6xc-0",
          "isStatic": false,
          "lastClassName": "c0",
          "rules": Array [
            "margin:1em 0;",
          ],
        },
        "displayName": "ListItem",
        "foldedComponentIds": Array [],
        "render": [Function],
        "styledComponentId": "ListItem-sc-27v6xc-0",
        "target": "li",
        "toString": [Function],
        "warnTooManyClasses": [Function],
        "withComponent": [Function],
      }
    }
    forwardedRef={null}
  >
    <li
      className="c0"
    />
  </StyledComponent>
</ListItem>
`;
