// Jest Snapshot v1, https://goo.gl/fbAQLP

exports[`LoadingIndicator should match the snapshot 1`] = `
@keyframes animation-0 {
  0% {
    -webkit-transform: rotate(0deg);
    -moz-transform: rotate(0deg);
    -ms-transform: rotate(0deg);
    transform: rotate(0deg);
  }

  100% {
    -webkit-transform: rotate(270deg);
    -moz-transform: rotate(270deg);
    -ms-transform: rotate(270deg);
    transform: rotate(270deg);
  }
}

@keyframes animation-1 {
  0% {
    stroke-dashoffset: 99.125;
  }

  50% {
    stroke-dashoffset: 24.78125;
    -webkit-transform: rotate(135deg);
    -moz-transform: rotate(135deg);
    -ms-transform: rotate(135deg);
    transform: rotate(135deg);
  }

  100% {
    stroke-dashoffset: 99.125;
    -webkit-transform: rotate(450deg);
    -moz-transform: rotate(450deg);
    -ms-transform: rotate(450deg);
    transform: rotate(450deg);
  }
}

.emotion-0 {
  -webkit-animation: animation-0 1.4s linear infinite;
  animation: animation-0 1.4s linear infinite;
}

ul .emotion-0 {
  display: block;
  margin: 2rem auto;
}

.emotion-2 {
  stroke-dasharray: 99.125;
  stroke-dashoffset: 0;
  stroke: #000;
  transform-origin: center;
  -webkit-animation: animation-1 1.4s ease-in-out infinite;
  animation: animation-1 1.4s ease-in-out infinite;
}

<svg
  class="emotion-0 emotion-1"
  height="32"
  viewBox="0 0 32 32"
  width="32"
  xmlns="http://www.w3.org/2000/svg"
>
  <circle
    class="emotion-2 emotion-3"
    cx="16"
    cy="16"
    fill="none"
    r="14.5"
    size="32"
    stroke-width="3"
  />
</svg>
`;
