// Jest Snapshot v1, https://goo.gl/fbAQLP

exports[`<StyledButton /> should match snapshot 1`] = `
.c0 {
  display: inline-block;
  box-sizing: border-box;
  padding: 0.25em 2em;
  -webkit-text-decoration: none;
  text-decoration: none;
  border-radius: 4px;
  -webkit-font-smoothing: antialiased;
  -webkit-touch-callout: none;
  -webkit-user-select: none;
  -moz-user-select: none;
  -ms-user-select: none;
  user-select: none;
  cursor: pointer;
  outline: 0;
  font-family: 'Helvetica Neue',Helvetica,Arial,sans-serif;
  font-weight: bold;
  font-size: 16px;
  border: 2px solid #41addd;
  color: #41addd;
}

.c0:active {
  background: #41addd;
  color: #fff;
}

<StyledButton>
  <StyledComponent
    forwardedComponent={
      Object {
        "$$typeof": Symbol(react.forward_ref),
        "attrs": Array [],
        "componentStyle": ComponentStyle {
          "componentId": "StyledButton-t20ntd-0",
          "isStatic": false,
          "lastClassName": "c0",
          "rules": Array [
            "display:inline-block;box-sizing:border-box;padding:0.25em 2em;text-decoration:none;border-radius:4px;-webkit-font-smoothing:antialiased;-webkit-touch-callout:none;user-select:none;cursor:pointer;outline:0;font-family:'Helvetica Neue',Helvetica,Arial,sans-serif;font-weight:bold;font-size:16px;border:2px solid #41addd;color:#41addd;&:active{background:#41addd;color:#fff;}",
            ";",
          ],
        },
        "displayName": "StyledButton",
        "foldedComponentIds": Array [],
        "render": [Function],
        "styledComponentId": "StyledButton-t20ntd-0",
        "target": "button",
        "toString": [Function],
        "warnTooManyClasses": [Function],
        "withComponent": [Function],
      }
    }
    forwardedRef={null}
  >
    <button
      className="c0"
    />
  </StyledComponent>
</StyledButton>
`;
