// Jest Snapshot v1, https://goo.gl/fbAQLP

exports[`<AtPrefix /> should match snapshot 1`] = `
.c0 {
  color: black;
  margin-left: 0.4em;
}

<AtPrefix>
  <StyledComponent
    forwardedComponent={
      Object {
        "$$typeof": Symbol(react.forward_ref),
        "attrs": Array [],
        "componentStyle": ComponentStyle {
          "componentId": "AtPrefix-sc-1suuq8o-0",
          "isStatic": false,
          "lastClassName": "c0",
          "rules": Array [
            "color:black;margin-left:0.4em;",
          ],
        },
        "displayName": "AtPrefix",
        "foldedComponentIds": Array [],
        "render": [Function],
        "styledComponentId": "AtPrefix-sc-1suuq8o-0",
        "target": "span",
        "toString": [Function],
        "usesTheme": false,
        "warnTooManyClasses": [Function],
        "withComponent": [Function],
      }
    }
    forwardedRef={null}
  >
    <span
      className="c0"
    />
  </StyledComponent>
</AtPrefix>
`;
