// Jest Snapshot v1, https://goo.gl/fbAQLP

exports[`<Section /> should match snapshot 1`] = `
.c0 {
  margin: 3em auto;
}

.c0:first-child {
  margin-top: 0;
}

<Section>
  <StyledComponent
    forwardedComponent={
      Object {
        "$$typeof": Symbol(react.forward_ref),
        "attrs": Array [],
        "componentStyle": ComponentStyle {
          "componentId": "Section-sc-1eulrsm-0",
          "isStatic": true,
          "lastClassName": "c0",
          "rules": Array [
            "margin:3em auto;&:first-child{margin-top:0;}",
          ],
        },
        "displayName": "Section",
        "foldedComponentIds": Array [],
        "render": [Function],
        "styledComponentId": "Section-sc-1eulrsm-0",
        "target": "section",
        "toString": [Function],
        "warnTooManyClasses": [Function],
        "withComponent": [Function],
      }
    }
    forwardedRef={null}
  >
    <section
      className="c0"
    />
  </StyledComponent>
</Section>
`;
